------------------------------------------------------------
TimeQuest Timing Analyzer Summary
------------------------------------------------------------

Type  : Slow 1100mV 85C Model Setup 'CLOCK_50_B5B'
Slack : -88.418
TNS   : -52173.111

Type  : Slow 1100mV 85C Model Hold 'CLOCK_50_B5B'
Slack : 0.439
TNS   : 0.000

Type  : Slow 1100mV 85C Model Minimum Pulse Width 'CLOCK_50_B5B'
Slack : 8.811
TNS   : 0.000

Type  : Slow 1100mV 0C Model Setup 'CLOCK_50_B5B'
Slack : -91.528
TNS   : -54152.586

Type  : Slow 1100mV 0C Model Hold 'CLOCK_50_B5B'
Slack : 0.470
TNS   : 0.000

Type  : Slow 1100mV 0C Model Minimum Pulse Width 'CLOCK_50_B5B'
Slack : 8.757
TNS   : 0.000

Type  : Fast 1100mV 85C Model Setup 'CLOCK_50_B5B'
Slack : -33.097
TNS   : -19093.833

Type  : Fast 1100mV 85C Model Hold 'CLOCK_50_B5B'
Slack : 0.179
TNS   : 0.000

Type  : Fast 1100mV 85C Model Minimum Pulse Width 'CLOCK_50_B5B'
Slack : 8.500
TNS   : 0.000

Type  : Fast 1100mV 0C Model Setup 'CLOCK_50_B5B'
Slack : -30.025
TNS   : -17275.641

Type  : Fast 1100mV 0C Model Hold 'CLOCK_50_B5B'
Slack : 0.166
TNS   : 0.000

Type  : Fast 1100mV 0C Model Minimum Pulse Width 'CLOCK_50_B5B'
Slack : 8.451
TNS   : 0.000

------------------------------------------------------------
